// Vitest Snapshot v1

exports[`should render a App 1`] = `
<div
  class="h-screen w-screen flex items-center justify-center"
>
  <h1
    class="text-xl lg:text-3xl font-bold"
  >
    Vite + 
    <span
      class="text-purple-600"
    >
      Tailwind
    </span>
  </h1>
</div>
`;
